--
-- DISABLED FEATURES
--
--
-- NOTIFY/LISTEN
--
NOTIFY channel;
WARNING:  NOTIFY not supported yet and will be ignored
LINE 1: NOTIFY channel;
        ^
HINT:
NOTIFY channel, 'message';
WARNING:  NOTIFY not supported yet and will be ignored
LINE 1: NOTIFY channel, 'message';
        ^
HINT:
SELECT pg_notify('channel', 'text');
WARNING:  NOTIFY not supported yet and will be ignored
HINT:
 pg_notify
-----------

(1 row)

LISTEN channel;
WARNING:  LISTEN not supported yet and will be ignored
LINE 1: LISTEN channel;
        ^
HINT:
UNLISTEN channel;
WARNING:  UNLISTEN not supported yet and will be ignored
LINE 1: UNLISTEN channel;
        ^
HINT:
UNLISTEN *;
WARNING:  UNLISTEN not supported yet and will be ignored
LINE 1: UNLISTEN *;
        ^
HINT:  
